// Jest Snapshot v1, https://goo.gl/fbAQLP

exports[`<Note /> matches snapshots 1`] = `
.emotion-0 {
  position: absolute;
  top: calc(100px - 12px);
  left: calc(100px - 12px);
  height: 24px;
  width: 24px;
  background-color: rgb(255,156,102);
  border: none;
  border-radius: 4px;
}

.emotion-0:hover {
  z-index: 1;
}

<div>
  <button
    class="emotion-0 emotion-1"
  />
</div>
`;
